Component: ARM Compiler 5.06 update 6 (build 750) Tool: armlink [4d35ed]

==============================================================================

Section Cross References

    drivers.o(i.ADC0_Read) refers to drivers.o(.constdata) for channel2sc1a
    drivers.o(i.PIT_Init) refers to drivers.o(i.__NVIC_EnableIRQ) for __NVIC_EnableIRQ
    drivers.o(i.PIT_Init) refers to system_mk20d7.o(.data) for SystemCoreClock
    drivers.o(i.UART0_Config) refers to drivers.o(i.__NVIC_EnableIRQ) for __NVIC_EnableIRQ
    drivers.o(i.UART0_putString) refers to drivers.o(i.UART0_send) for UART0_send
    drivers.o(i.UART1_Config) refers to drivers.o(i.__NVIC_EnableIRQ) for __NVIC_EnableIRQ
    drivers.o(i.UART1_putString) refers to drivers.o(i.UART1_send) for UART1_send
    finger.o(i.Finger_Action) refers to finger.o(i.Finger_Stop) for Finger_Stop
    finger.o(i.Finger_Action) refers to arm_mean_q15.o(.text.arm_mean_q15) for arm_mean_q15
    finger.o(i.Finger_Action) refers to finger.o(i.Finger_Close) for Finger_Close
    finger.o(i.Finger_Action) refers to dflt_clz.o(x$fpl$dfltu) for __aeabi_ui2d
    finger.o(i.Finger_Action) refers to ddiv.o(x$fpl$ddiv) for __aeabi_ddiv
    finger.o(i.Finger_Action) refers to dfixu.o(x$fpl$dfixu) for __aeabi_d2uiz
    finger.o(i.Finger_Action) refers to finger.o(i.Finger_Open) for Finger_Open
    finger.o(i.Finger_ActionTime) refers to finger.o(i.Finger_Stop) for Finger_Stop
    finger.o(i.Finger_ActionTime) refers to finger.o(i.Finger_Close) for Finger_Close
    finger.o(i.Finger_ActionTime) refers to finger.o(i.Finger_Open) for Finger_Open
    finger.o(i.Finger_Close) refers to finger.o(.data) for fingers_addr
    finger.o(i.Finger_Close) refers to finger.o(.constdata) for fingers_mask
    finger.o(i.Finger_Open) refers to finger.o(.data) for fingers_addr
    finger.o(i.Finger_Open) refers to finger.o(.constdata) for fingers_mask
    finger.o(i.Finger_Stop) refers to finger.o(.data) for fingers_addr
    finger.o(i.Finger_Stop) refers to finger.o(.constdata) for fingers_mask
    main.o(i.Hand_Action) refers to finger.o(i.Finger_Action) for Finger_Action
    main.o(i.Hand_Action) refers to finger.o(i.Finger_ActionTime) for Finger_ActionTime
    main.o(i.Hand_Action) refers to main.o(.constdata) for actions
    main.o(i.Hand_Action) refers to main.o(.data) for little_f
    main.o(i.SysTick_Handler) refers to drivers.o(i.ADC0_Read) for ADC0_Read
    main.o(i.SysTick_Handler) refers to finger.o(i.Finger_Timing) for Finger_Timing
    main.o(i.SysTick_Handler) refers to main.o(.data) for ticks
    main.o(i.UART1_RX_TX_IRQHandler) refers to main.o(.data) for receivedCMD
    main.o(i.main) refers to drivers.o(i.LED_Config) for LED_Config
    main.o(i.main) refers to drivers.o(i.ADC0_Config) for ADC0_Config
    main.o(i.main) refers to drivers.o(i.UART0_Config) for UART0_Config
    main.o(i.main) refers to drivers.o(i.UART1_Config) for UART1_Config
    main.o(i.main) refers to drivers.o(i.Output_Config) for Output_Config
    main.o(i.main) refers to arm_fill_q15.o(.text.arm_fill_q15) for arm_fill_q15
    main.o(i.main) refers to drivers.o(i.LED_On) for LED_On
    main.o(i.main) refers to main.o(i.Hand_Action) for Hand_Action
    main.o(i.main) refers to drivers.o(i.LED_Off) for LED_Off
    main.o(i.main) refers to system_mk20d7.o(.data) for SystemCoreClock
    main.o(i.main) refers to main.o(.data) for little_f
    startup_mk20d7.o(STACK) refers (Special) to heapauxi.o(.text) for __use_two_region_memory
    startup_mk20d7.o(HEAP) refers (Special) to heapauxi.o(.text) for __use_two_region_memory
    startup_mk20d7.o(RESET) refers (Special) to heapauxi.o(.text) for __use_two_region_memory
    startup_mk20d7.o(RESET) refers to startup_mk20d7.o(STACK) for __initial_sp
    startup_mk20d7.o(RESET) refers to startup_mk20d7.o(.text) for Reset_Handler
    startup_mk20d7.o(RESET) refers to main.o(i.SysTick_Handler) for SysTick_Handler
    startup_mk20d7.o(RESET) refers to main.o(i.UART1_RX_TX_IRQHandler) for UART1_RX_TX_IRQHandler
    startup_mk20d7.o(.ARM.__at_0x400) refers (Special) to heapauxi.o(.text) for __use_two_region_memory
    startup_mk20d7.o(.text) refers (Special) to heapauxi.o(.text) for __use_two_region_memory
    startup_mk20d7.o(.text) refers to system_mk20d7.o(i.SystemInit) for SystemInit
    startup_mk20d7.o(.text) refers to __main.o(!!!main) for __main
    startup_mk20d7.o(.text) refers to startup_mk20d7.o(HEAP) for Heap_Mem
    startup_mk20d7.o(.text) refers to startup_mk20d7.o(STACK) for Stack_Mem
    arm_mean_q15.o(.ARM.exidx.text.arm_mean_q15) refers to arm_mean_q15.o(.text.arm_mean_q15) for [Anonymous Symbol]
    arm_fill_q15.o(.ARM.exidx.text.arm_fill_q15) refers to arm_fill_q15.o(.text.arm_fill_q15) for [Anonymous Symbol]
    __main.o(!!!main) refers to __rtentry.o(.ARM.Collect$$rtentry$$00000000) for __rt_entry
    ddiv.o(x$fpl$drdiv) refers (Special) to usenofp.o(x$fpl$usenofp) for __I$use$fp
    ddiv.o(x$fpl$drdiv) refers to ddiv.o(x$fpl$ddiv) for ddiv_entry
    ddiv.o(x$fpl$ddiv) refers (Special) to usenofp.o(x$fpl$usenofp) for __I$use$fp
    ddiv.o(x$fpl$ddiv) refers to dretinf.o(x$fpl$dretinf) for __fpl_dretinf
    ddiv.o(x$fpl$ddiv) refers to dnaninf.o(x$fpl$dnaninf) for __fpl_dnaninf
    dfixu.o(x$fpl$dfixu) refers (Special) to usenofp.o(x$fpl$usenofp) for __I$use$fp
    dfixu.o(x$fpl$dfixu) refers to dnaninf.o(x$fpl$dnaninf) for __fpl_dnaninf
    dfixu.o(x$fpl$dfixur) refers (Special) to usenofp.o(x$fpl$usenofp) for __I$use$fp
    dfixu.o(x$fpl$dfixur) refers to dnaninf.o(x$fpl$dnaninf) for __fpl_dnaninf
    dflt_clz.o(x$fpl$dfltu) refers (Special) to usenofp.o(x$fpl$usenofp) for __I$use$fp
    dflt_clz.o(x$fpl$dflt) refers (Special) to usenofp.o(x$fpl$usenofp) for __I$use$fp
    dflt_clz.o(x$fpl$dfltn) refers (Special) to usenofp.o(x$fpl$usenofp) for __I$use$fp
    __rtentry.o(.ARM.Collect$$rtentry$$00000000) refers (Special) to __rtentry2.o(.ARM.Collect$$rtentry$$0000000A) for __rt_entry_li
    __rtentry.o(.ARM.Collect$$rtentry$$00000000) refers (Special) to __rtentry2.o(.ARM.Collect$$rtentry$$0000000D) for __rt_entry_main
    __rtentry.o(.ARM.Collect$$rtentry$$00000000) refers (Special) to __rtentry2.o(.ARM.Collect$$rtentry$$0000000C) for __rt_entry_postli_1
    __rtentry.o(.ARM.Collect$$rtentry$$00000000) refers (Special) to __rtentry2.o(.ARM.Collect$$rtentry$$00000009) for __rt_entry_postsh_1
    __rtentry.o(.ARM.Collect$$rtentry$$00000000) refers (Special) to __rtentry2.o(.ARM.Collect$$rtentry$$00000002) for __rt_entry_presh_1
    __rtentry.o(.ARM.Collect$$rtentry$$00000000) refers (Special) to __rtentry4.o(.ARM.Collect$$rtentry$$00000004) for __rt_entry_sh
    dnaninf.o(x$fpl$dnaninf) refers (Special) to usenofp.o(x$fpl$usenofp) for __I$use$fp
    dretinf.o(x$fpl$dretinf) refers (Special) to usenofp.o(x$fpl$usenofp) for __I$use$fp
    __rtentry2.o(.ARM.Collect$$rtentry$$00000008) refers to boardinit2.o(.text) for _platform_post_stackheap_init
    __rtentry2.o(.ARM.Collect$$rtentry$$0000000A) refers to libinit.o(.ARM.Collect$$libinit$$00000000) for __rt_lib_init
    __rtentry2.o(.ARM.Collect$$rtentry$$0000000B) refers to boardinit3.o(.text) for _platform_post_lib_init
    __rtentry2.o(.ARM.Collect$$rtentry$$0000000D) refers to main.o(i.main) for main
    __rtentry2.o(.ARM.Collect$$rtentry$$0000000D) refers to exit.o(.text) for exit
    __rtentry2.o(.ARM.exidx) refers to __rtentry2.o(.ARM.Collect$$rtentry$$00000001) for .ARM.Collect$$rtentry$$00000001
    __rtentry2.o(.ARM.exidx) refers to __rtentry2.o(.ARM.Collect$$rtentry$$00000008) for .ARM.Collect$$rtentry$$00000008
    __rtentry2.o(.ARM.exidx) refers to __rtentry2.o(.ARM.Collect$$rtentry$$0000000A) for .ARM.Collect$$rtentry$$0000000A
    __rtentry2.o(.ARM.exidx) refers to __rtentry2.o(.ARM.Collect$$rtentry$$0000000B) for .ARM.Collect$$rtentry$$0000000B
    __rtentry2.o(.ARM.exidx) refers to __rtentry2.o(.ARM.Collect$$rtentry$$0000000D) for .ARM.Collect$$rtentry$$0000000D
    __rtentry4.o(.ARM.Collect$$rtentry$$00000004) refers to sys_stackheap_outer.o(.text) for __user_setup_stackheap
    __rtentry4.o(.ARM.exidx) refers to __rtentry4.o(.ARM.Collect$$rtentry$$00000004) for .ARM.Collect$$rtentry$$00000004
    sys_stackheap_outer.o(.text) refers to libspace.o(.text) for __user_perproc_libspace
    sys_stackheap_outer.o(.text) refers to startup_mk20d7.o(.text) for __user_initial_stackheap
    exit.o(.text) refers to rtexit.o(.ARM.Collect$$rtexit$$00000000) for __rt_exit
    libinit.o(.ARM.Collect$$libinit$$00000000) refers (Special) to libinit2.o(.ARM.Collect$$libinit$$0000002E) for __rt_lib_init_alloca_1
    libinit.o(.ARM.Collect$$libinit$$00000000) refers (Special) to libinit2.o(.ARM.Collect$$libinit$$0000002C) for __rt_lib_init_argv_1
    libinit.o(.ARM.Collect$$libinit$$00000000) refers (Special) to libinit2.o(.ARM.Collect$$libinit$$0000001B) for __rt_lib_init_atexit_1
    libinit.o(.ARM.Collect$$libinit$$00000000) refers (Special) to libinit2.o(.ARM.Collect$$libinit$$00000021) for __rt_lib_init_clock_1
    libinit.o(.ARM.Collect$$libinit$$00000000) refers (Special) to libinit2.o(.ARM.Collect$$libinit$$00000032) for __rt_lib_init_cpp_1
    libinit.o(.ARM.Collect$$libinit$$00000000) refers (Special) to libinit2.o(.ARM.Collect$$libinit$$00000030) for __rt_lib_init_exceptions_1
    libinit.o(.ARM.Collect$$libinit$$00000000) refers (Special) to libinit2.o(.ARM.Collect$$libinit$$00000002) for __rt_lib_init_fp_1
    libinit.o(.ARM.Collect$$libinit$$00000000) refers (Special) to libinit2.o(.ARM.Collect$$libinit$$0000001F) for __rt_lib_init_fp_trap_1
    libinit.o(.ARM.Collect$$libinit$$00000000) refers (Special) to libinit2.o(.ARM.Collect$$libinit$$00000023) for __rt_lib_init_getenv_1
    libinit.o(.ARM.Collect$$libinit$$00000000) refers (Special) to libinit2.o(.ARM.Collect$$libinit$$0000000A) for __rt_lib_init_heap_1
    libinit.o(.ARM.Collect$$libinit$$00000000) refers (Special) to libinit2.o(.ARM.Collect$$libinit$$00000011) for __rt_lib_init_lc_collate_1
    libinit.o(.ARM.Collect$$libinit$$00000000) refers (Special) to libinit2.o(.ARM.Collect$$libinit$$00000013) for __rt_lib_init_lc_ctype_1
    libinit.o(.ARM.Collect$$libinit$$00000000) refers (Special) to libinit2.o(.ARM.Collect$$libinit$$00000015) for __rt_lib_init_lc_monetary_1
    libinit.o(.ARM.Collect$$libinit$$00000000) refers (Special) to libinit2.o(.ARM.Collect$$libinit$$00000017) for __rt_lib_init_lc_numeric_1
    libinit.o(.ARM.Collect$$libinit$$00000000) refers (Special) to libinit2.o(.ARM.Collect$$libinit$$00000019) for __rt_lib_init_lc_time_1
    libinit.o(.ARM.Collect$$libinit$$00000000) refers (Special) to libinit2.o(.ARM.Collect$$libinit$$00000004) for __rt_lib_init_preinit_1
    libinit.o(.ARM.Collect$$libinit$$00000000) refers (Special) to libinit2.o(.ARM.Collect$$libinit$$0000000E) for __rt_lib_init_rand_1
    libinit.o(.ARM.Collect$$libinit$$00000000) refers (Special) to libinit2.o(.ARM.Collect$$libinit$$00000033) for __rt_lib_init_return
    libinit.o(.ARM.Collect$$libinit$$00000000) refers (Special) to libinit2.o(.ARM.Collect$$libinit$$0000001D) for __rt_lib_init_signal_1
    libinit.o(.ARM.Collect$$libinit$$00000000) refers (Special) to libinit2.o(.ARM.Collect$$libinit$$00000025) for __rt_lib_init_stdio_1
    libinit.o(.ARM.Collect$$libinit$$00000000) refers (Special) to libinit2.o(.ARM.Collect$$libinit$$0000000C) for __rt_lib_init_user_alloc_1
    libspace.o(.text) refers to libspace.o(.bss) for __libspace_start
    rtexit.o(.ARM.Collect$$rtexit$$00000000) refers (Special) to rtexit2.o(.ARM.Collect$$rtexit$$00000004) for __rt_exit_exit
    rtexit.o(.ARM.Collect$$rtexit$$00000000) refers (Special) to rtexit2.o(.ARM.Collect$$rtexit$$00000003) for __rt_exit_ls
    rtexit.o(.ARM.Collect$$rtexit$$00000000) refers (Special) to rtexit2.o(.ARM.Collect$$rtexit$$00000002) for __rt_exit_prels_1
    rtexit.o(.ARM.exidx) refers (Special) to rtexit2.o(.ARM.Collect$$rtexit$$00000004) for __rt_exit_exit
    rtexit.o(.ARM.exidx) refers (Special) to rtexit2.o(.ARM.Collect$$rtexit$$00000003) for __rt_exit_ls
    rtexit.o(.ARM.exidx) refers (Special) to rtexit2.o(.ARM.Collect$$rtexit$$00000002) for __rt_exit_prels_1
    rtexit.o(.ARM.exidx) refers to rtexit.o(.ARM.Collect$$rtexit$$00000000) for .ARM.Collect$$rtexit$$00000000
    libinit2.o(.ARM.Collect$$libinit$$00000010) refers to libinit2.o(.ARM.Collect$$libinit$$0000000F) for .ARM.Collect$$libinit$$0000000F
    libinit2.o(.ARM.Collect$$libinit$$00000012) refers to libinit2.o(.ARM.Collect$$libinit$$0000000F) for .ARM.Collect$$libinit$$0000000F
    libinit2.o(.ARM.Collect$$libinit$$00000014) refers to libinit2.o(.ARM.Collect$$libinit$$0000000F) for .ARM.Collect$$libinit$$0000000F
    libinit2.o(.ARM.Collect$$libinit$$00000016) refers to libinit2.o(.ARM.Collect$$libinit$$0000000F) for .ARM.Collect$$libinit$$0000000F
    libinit2.o(.ARM.Collect$$libinit$$00000018) refers to libinit2.o(.ARM.Collect$$libinit$$0000000F) for .ARM.Collect$$libinit$$0000000F
    libinit2.o(.ARM.Collect$$libinit$$00000026) refers to argv_veneer.o(.emb_text) for __ARM_argv_veneer
    libinit2.o(.ARM.Collect$$libinit$$00000027) refers to argv_veneer.o(.emb_text) for __ARM_argv_veneer
    rtexit2.o(.ARM.Collect$$rtexit$$00000003) refers to libshutdown.o(.ARM.Collect$$libshutdown$$00000000) for __rt_lib_shutdown
    rtexit2.o(.ARM.Collect$$rtexit$$00000004) refers to sys_exit.o(.text) for _sys_exit
    rtexit2.o(.ARM.exidx) refers to rtexit2.o(.ARM.Collect$$rtexit$$00000001) for .ARM.Collect$$rtexit$$00000001
    rtexit2.o(.ARM.exidx) refers to rtexit2.o(.ARM.Collect$$rtexit$$00000003) for .ARM.Collect$$rtexit$$00000003
    rtexit2.o(.ARM.exidx) refers to rtexit2.o(.ARM.Collect$$rtexit$$00000004) for .ARM.Collect$$rtexit$$00000004
    argv_veneer.o(.emb_text) refers to no_argv.o(.text) for __ARM_get_argv
    sys_exit.o(.text) refers (Special) to use_no_semi.o(.text) for __I$use$semihosting
    sys_exit.o(.text) refers (Special) to indicate_semi.o(.text) for __semihosting_library_function
    _get_argv_nomalloc.o(.text) refers (Special) to hrguard.o(.text) for __heap_region$guard
    _get_argv_nomalloc.o(.text) refers to defsig_rtmem_outer.o(.text) for __rt_SIGRTMEM
    _get_argv_nomalloc.o(.text) refers to sys_command.o(.text) for _sys_command_string
    libshutdown.o(.ARM.Collect$$libshutdown$$00000000) refers (Special) to libshutdown2.o(.ARM.Collect$$libshutdown$$00000002) for __rt_lib_shutdown_cpp_1
    libshutdown.o(.ARM.Collect$$libshutdown$$00000000) refers (Special) to libshutdown2.o(.ARM.Collect$$libshutdown$$00000007) for __rt_lib_shutdown_fp_trap_1
    libshutdown.o(.ARM.Collect$$libshutdown$$00000000) refers (Special) to libshutdown2.o(.ARM.Collect$$libshutdown$$0000000F) for __rt_lib_shutdown_heap_1
    libshutdown.o(.ARM.Collect$$libshutdown$$00000000) refers (Special) to libshutdown2.o(.ARM.Collect$$libshutdown$$00000010) for __rt_lib_shutdown_return
    libshutdown.o(.ARM.Collect$$libshutdown$$00000000) refers (Special) to libshutdown2.o(.ARM.Collect$$libshutdown$$0000000A) for __rt_lib_shutdown_signal_1
    libshutdown.o(.ARM.Collect$$libshutdown$$00000000) refers (Special) to libshutdown2.o(.ARM.Collect$$libshutdown$$00000004) for __rt_lib_shutdown_stdio_1
    libshutdown.o(.ARM.Collect$$libshutdown$$00000000) refers (Special) to libshutdown2.o(.ARM.Collect$$libshutdown$$0000000C) for __rt_lib_shutdown_user_alloc_1
    sys_command.o(.text) refers (Special) to use_no_semi.o(.text) for __I$use$semihosting
    sys_command.o(.text) refers (Special) to indicate_semi.o(.text) for __semihosting_library_function
    defsig_rtmem_outer.o(.text) refers to defsig_rtmem_inner.o(.text) for __rt_SIGRTMEM_inner
    defsig_rtmem_outer.o(.text) refers to defsig_exit.o(.text) for __sig_exit
    defsig_rtmem_formal.o(.text) refers to rt_raise.o(.text) for __rt_raise
    rt_raise.o(.text) refers to __raise.o(.text) for __raise
    rt_raise.o(.text) refers to sys_exit.o(.text) for _sys_exit
    defsig_exit.o(.text) refers to sys_exit.o(.text) for _sys_exit
    defsig_rtmem_inner.o(.text) refers to defsig_general.o(.text) for __default_signal_display
    __raise.o(.text) refers to defsig.o(CL$$defsig) for __default_signal_handler
    defsig_general.o(.text) refers to sys_wrch.o(.text) for _ttywrch
    sys_wrch.o(.text) refers (Special) to use_no_semi.o(.text) for __I$use$semihosting
    sys_wrch.o(.text) refers (Special) to indicate_semi.o(.text) for __semihosting_library_function
    defsig.o(CL$$defsig) refers to defsig_rtmem_inner.o(.text) for __rt_SIGRTMEM_inner
    defsig_abrt_inner.o(.text) refers to defsig_general.o(.text) for __default_signal_display
    defsig_fpe_inner.o(.text) refers to defsig_general.o(.text) for __default_signal_display
    defsig_rtred_inner.o(.text) refers to defsig_general.o(.text) for __default_signal_display
    defsig_stak_inner.o(.text) refers to defsig_general.o(.text) for __default_signal_display
    defsig_pvfn_inner.o(.text) refers to defsig_general.o(.text) for __default_signal_display
    defsig_cppl_inner.o(.text) refers to defsig_general.o(.text) for __default_signal_display
    defsig_segv_inner.o(.text) refers to defsig_general.o(.text) for __default_signal_display
    defsig_other.o(.text) refers to defsig_general.o(.text) for __default_signal_display


==============================================================================

Removing Unused input sections from the image.

    Removing drivers.o(.rev16_text), (4 bytes).
    Removing drivers.o(.revsh_text), (4 bytes).
    Removing drivers.o(.rrx_text), (6 bytes).
    Removing drivers.o(i.LED_Toggle), (24 bytes).
    Removing drivers.o(i.PIT_Init), (76 bytes).
    Removing drivers.o(i.QD_Init), (100 bytes).
    Removing drivers.o(i.UART0_putString), (22 bytes).
    Removing drivers.o(i.UART0_send), (24 bytes).
    Removing drivers.o(i.UART1_putString), (22 bytes).
    Removing drivers.o(i.UART1_send), (24 bytes).
    Removing finger.o(.rev16_text), (4 bytes).
    Removing finger.o(.revsh_text), (4 bytes).
    Removing finger.o(.rrx_text), (6 bytes).
    Removing finger.o(i.Finger_Rotation), (2 bytes).
    Removing main.o(.rev16_text), (4 bytes).
    Removing main.o(.revsh_text), (4 bytes).
    Removing main.o(.rrx_text), (6 bytes).
    Removing main.o(.bss), (30 bytes).
    Removing system_mk20d7.o(.rev16_text), (4 bytes).
    Removing system_mk20d7.o(.revsh_text), (4 bytes).
    Removing system_mk20d7.o(.rrx_text), (6 bytes).
    Removing system_mk20d7.o(i.SystemCoreClockUpdate), (2 bytes).
    Removing arm_mean_q15.o(.text), (0 bytes).
    Removing arm_mean_q15.o(.ARM.exidx.text.arm_mean_q15), (8 bytes).
    Removing arm_fill_q15.o(.text), (0 bytes).
    Removing arm_fill_q15.o(.ARM.exidx.text.arm_fill_q15), (8 bytes).

26 unused section(s) (total 398 bytes) removed from the image.

==============================================================================

Image Symbol Table

    Local Symbols

    Symbol Name                              Value     Ov Type        Size  Object(Section)

    RESET                                    0x00000000   Section     1024  startup_mk20d7.o(RESET)
    ../clib/angel/boardlib.s                 0x00000000   Number         0  boardinit2.o ABSOLUTE
    ../clib/angel/boardlib.s                 0x00000000   Number         0  boardshut.o ABSOLUTE
    ../clib/angel/boardlib.s                 0x00000000   Number         0  boardinit3.o ABSOLUTE
    ../clib/angel/boardlib.s                 0x00000000   Number         0  boardinit1.o ABSOLUTE
    ../clib/angel/dczerorl2.s                0x00000000   Number         0  __dczerorl2.o ABSOLUTE
    ../clib/angel/handlers.s                 0x00000000   Number         0  __scatter_zi.o ABSOLUTE
    ../clib/angel/kernel.s                   0x00000000   Number         0  __rtentry4.o ABSOLUTE
    ../clib/angel/kernel.s                   0x00000000   Number         0  rtexit.o ABSOLUTE
    ../clib/angel/kernel.s                   0x00000000   Number         0  __rtentry2.o ABSOLUTE
    ../clib/angel/kernel.s                   0x00000000   Number         0  __rtentry.o ABSOLUTE
    ../clib/angel/kernel.s                   0x00000000   Number         0  rtexit2.o ABSOLUTE
    ../clib/angel/rt.s                       0x00000000   Number         0  rt_raise.o ABSOLUTE
    ../clib/angel/scatter.s                  0x00000000   Number         0  __scatter.o ABSOLUTE
    ../clib/angel/startup.s                  0x00000000   Number         0  __main.o ABSOLUTE
    ../clib/angel/sys.s                      0x00000000   Number         0  libspace.o ABSOLUTE
    ../clib/angel/sys.s                      0x00000000   Number         0  indicate_semi.o ABSOLUTE
    ../clib/angel/sys.s                      0x00000000   Number         0  use_no_semi.o ABSOLUTE
    ../clib/angel/sys.s                      0x00000000   Number         0  sys_stackheap_outer.o ABSOLUTE
    ../clib/angel/sysapp.c                   0x00000000   Number         0  sys_exit.o ABSOLUTE
    ../clib/angel/sysapp.c                   0x00000000   Number         0  sys_command.o ABSOLUTE
    ../clib/angel/sysapp.c                   0x00000000   Number         0  sys_wrch.o ABSOLUTE
    ../clib/armsys.c                         0x00000000   Number         0  _get_argv_nomalloc.o ABSOLUTE
    ../clib/armsys.c                         0x00000000   Number         0  argv_veneer.o ABSOLUTE
    ../clib/armsys.c                         0x00000000   Number         0  no_argv.o ABSOLUTE
    ../clib/armsys.c                         0x00000000   Number         0  argv_veneer.o ABSOLUTE
    ../clib/heapalloc.c                      0x00000000   Number         0  hrguard.o ABSOLUTE
    ../clib/heapaux.c                        0x00000000   Number         0  heapauxi.o ABSOLUTE
    ../clib/libinit.s                        0x00000000   Number         0  libinit2.o ABSOLUTE
    ../clib/libinit.s                        0x00000000   Number         0  libshutdown.o ABSOLUTE
    ../clib/libinit.s                        0x00000000   Number         0  libshutdown2.o ABSOLUTE
    ../clib/libinit.s                        0x00000000   Number         0  libinit.o ABSOLUTE
    ../clib/signal.c                         0x00000000   Number         0  defsig_rtred_inner.o ABSOLUTE
    ../clib/signal.c                         0x00000000   Number         0  defsig_fpe_inner.o ABSOLUTE
    ../clib/signal.c                         0x00000000   Number         0  defsig_abrt_inner.o ABSOLUTE
    ../clib/signal.c                         0x00000000   Number         0  defsig_general.o ABSOLUTE
    ../clib/signal.c                         0x00000000   Number         0  __raise.o ABSOLUTE
    ../clib/signal.c                         0x00000000   Number         0  defsig_rtmem_inner.o ABSOLUTE
    ../clib/signal.c                         0x00000000   Number         0  defsig_exit.o ABSOLUTE
    ../clib/signal.c                         0x00000000   Number         0  defsig_rtmem_formal.o ABSOLUTE
    ../clib/signal.c                         0x00000000   Number         0  defsig_rtmem_outer.o ABSOLUTE
    ../clib/signal.c                         0x00000000   Number         0  defsig_pvfn_inner.o ABSOLUTE
    ../clib/signal.c                         0x00000000   Number         0  defsig_other.o ABSOLUTE
    ../clib/signal.c                         0x00000000   Number         0  defsig_segv_inner.o ABSOLUTE
    ../clib/signal.c                         0x00000000   Number         0  defsig_cppl_inner.o ABSOLUTE
    ../clib/signal.c                         0x00000000   Number         0  defsig_stak_inner.o ABSOLUTE
    ../clib/signal.s                         0x00000000   Number         0  defsig.o ABSOLUTE
    ../clib/stdlib.c                         0x00000000   Number         0  exit.o ABSOLUTE
    ../fplib/ddiv.s                          0x00000000   Number         0  ddiv.o ABSOLUTE
    ../fplib/dfixu.s                         0x00000000   Number         0  dfixu.o ABSOLUTE
    ../fplib/dflt.s                          0x00000000   Number         0  dflt_clz.o ABSOLUTE
    ../fplib/dnaninf.s                       0x00000000   Number         0  dnaninf.o ABSOLUTE
    ../fplib/dretinf.s                       0x00000000   Number         0  dretinf.o ABSOLUTE
    ../fplib/fpinit.s                        0x00000000   Number         0  fpinit.o ABSOLUTE
    ../fplib/usenofp.s                       0x00000000   Number         0  usenofp.o ABSOLUTE
    RTE\Device\MK20DX256xxx7\startup_MK20D7.s 0x00000000   Number         0  startup_mk20d7.o ABSOLUTE
    RTE\Device\MK20DX256xxx7\system_MK20D7.c 0x00000000   Number         0  system_mk20d7.o ABSOLUTE
    RTE\\Device\\MK20DX256xxx7\\system_MK20D7.c 0x00000000   Number         0  system_mk20d7.o ABSOLUTE
    arm_fill_q15.c                           0x00000000   Number         0  arm_fill_q15.o ABSOLUTE
    arm_mean_q15.c                           0x00000000   Number         0  arm_mean_q15.o ABSOLUTE
    dc.s                                     0x00000000   Number         0  dc.o ABSOLUTE
    drivers.c                                0x00000000   Number         0  drivers.o ABSOLUTE
    drivers.c                                0x00000000   Number         0  drivers.o ABSOLUTE
    finger.c                                 0x00000000   Number         0  finger.o ABSOLUTE
    finger.c                                 0x00000000   Number         0  finger.o ABSOLUTE
    main.c                                   0x00000000   Number         0  main.o ABSOLUTE
    main.c                                   0x00000000   Number         0  main.o ABSOLUTE
    .ARM.__at_0x400                          0x00000400   Section       16  startup_mk20d7.o(.ARM.__at_0x400)
    !!!main                                  0x00000410   Section        8  __main.o(!!!main)
    !!!scatter                               0x00000418   Section       52  __scatter.o(!!!scatter)
    !!dczerorl2                              0x0000044c   Section       90  __dczerorl2.o(!!dczerorl2)
    !!handler_zi                             0x000004a8   Section       28  __scatter_zi.o(!!handler_zi)
    .ARM.Collect$$libinit$$00000000          0x000004c4   Section        2  libinit.o(.ARM.Collect$$libinit$$00000000)
    .ARM.Collect$$libinit$$00000002          0x000004c6   Section        0  libinit2.o(.ARM.Collect$$libinit$$00000002)
    .ARM.Collect$$libinit$$00000004          0x000004c6   Section        0  libinit2.o(.ARM.Collect$$libinit$$00000004)
    .ARM.Collect$$libinit$$0000000A          0x000004c6   Section        0  libinit2.o(.ARM.Collect$$libinit$$0000000A)
    .ARM.Collect$$libinit$$0000000C          0x000004c6   Section        0  libinit2.o(.ARM.Collect$$libinit$$0000000C)
    .ARM.Collect$$libinit$$0000000E          0x000004c6   Section        0  libinit2.o(.ARM.Collect$$libinit$$0000000E)
    .ARM.Collect$$libinit$$00000011          0x000004c6   Section        0  libinit2.o(.ARM.Collect$$libinit$$00000011)
    .ARM.Collect$$libinit$$00000013          0x000004c6   Section        0  libinit2.o(.ARM.Collect$$libinit$$00000013)
    .ARM.Collect$$libinit$$00000015          0x000004c6   Section        0  libinit2.o(.ARM.Collect$$libinit$$00000015)
    .ARM.Collect$$libinit$$00000017          0x000004c6   Section        0  libinit2.o(.ARM.Collect$$libinit$$00000017)
    .ARM.Collect$$libinit$$00000019          0x000004c6   Section        0  libinit2.o(.ARM.Collect$$libinit$$00000019)
    .ARM.Collect$$libinit$$0000001B          0x000004c6   Section        0  libinit2.o(.ARM.Collect$$libinit$$0000001B)
    .ARM.Collect$$libinit$$0000001D          0x000004c6   Section        0  libinit2.o(.ARM.Collect$$libinit$$0000001D)
    .ARM.Collect$$libinit$$0000001F          0x000004c6   Section        0  libinit2.o(.ARM.Collect$$libinit$$0000001F)
    .ARM.Collect$$libinit$$00000021          0x000004c6   Section        0  libinit2.o(.ARM.Collect$$libinit$$00000021)
    .ARM.Collect$$libinit$$00000023          0x000004c6   Section        0  libinit2.o(.ARM.Collect$$libinit$$00000023)
    .ARM.Collect$$libinit$$00000025          0x000004c6   Section        0  libinit2.o(.ARM.Collect$$libinit$$00000025)
    .ARM.Collect$$libinit$$0000002C          0x000004c6   Section        0  libinit2.o(.ARM.Collect$$libinit$$0000002C)
    .ARM.Collect$$libinit$$0000002E          0x000004c6   Section        0  libinit2.o(.ARM.Collect$$libinit$$0000002E)
    .ARM.Collect$$libinit$$00000030          0x000004c6   Section        0  libinit2.o(.ARM.Collect$$libinit$$00000030)
    .ARM.Collect$$libinit$$00000032          0x000004c6   Section        0  libinit2.o(.ARM.Collect$$libinit$$00000032)
    .ARM.Collect$$libinit$$00000033          0x000004c6   Section        2  libinit2.o(.ARM.Collect$$libinit$$00000033)
    .ARM.Collect$$libshutdown$$00000000      0x000004c8   Section        2  libshutdown.o(.ARM.Collect$$libshutdown$$00000000)
    .ARM.Collect$$libshutdown$$00000002      0x000004ca   Section        0  libshutdown2.o(.ARM.Collect$$libshutdown$$00000002)
    .ARM.Collect$$libshutdown$$00000004      0x000004ca   Section        0  libshutdown2.o(.ARM.Collect$$libshutdown$$00000004)
    .ARM.Collect$$libshutdown$$00000007      0x000004ca   Section        0  libshutdown2.o(.ARM.Collect$$libshutdown$$00000007)
    .ARM.Collect$$libshutdown$$0000000A      0x000004ca   Section        0  libshutdown2.o(.ARM.Collect$$libshutdown$$0000000A)
    .ARM.Collect$$libshutdown$$0000000C      0x000004ca   Section        0  libshutdown2.o(.ARM.Collect$$libshutdown$$0000000C)
    .ARM.Collect$$libshutdown$$0000000F      0x000004ca   Section        0  libshutdown2.o(.ARM.Collect$$libshutdown$$0000000F)
    .ARM.Collect$$libshutdown$$00000010      0x000004ca   Section        2  libshutdown2.o(.ARM.Collect$$libshutdown$$00000010)
    .ARM.Collect$$rtentry$$00000000          0x000004cc   Section        0  __rtentry.o(.ARM.Collect$$rtentry$$00000000)
    .ARM.Collect$$rtentry$$00000002          0x000004cc   Section        0  __rtentry2.o(.ARM.Collect$$rtentry$$00000002)
    .ARM.Collect$$rtentry$$00000004          0x000004cc   Section        6  __rtentry4.o(.ARM.Collect$$rtentry$$00000004)
    .ARM.Collect$$rtentry$$00000009          0x000004d2   Section        0  __rtentry2.o(.ARM.Collect$$rtentry$$00000009)
    .ARM.Collect$$rtentry$$0000000A          0x000004d2   Section        4  __rtentry2.o(.ARM.Collect$$rtentry$$0000000A)
    .ARM.Collect$$rtentry$$0000000C          0x000004d6   Section        0  __rtentry2.o(.ARM.Collect$$rtentry$$0000000C)
    .ARM.Collect$$rtentry$$0000000D          0x000004d6   Section        8  __rtentry2.o(.ARM.Collect$$rtentry$$0000000D)
    .ARM.Collect$$rtexit$$00000000           0x000004de   Section        2  rtexit.o(.ARM.Collect$$rtexit$$00000000)
    .ARM.Collect$$rtexit$$00000002           0x000004e0   Section        0  rtexit2.o(.ARM.Collect$$rtexit$$00000002)
    .ARM.Collect$$rtexit$$00000003           0x000004e0   Section        4  rtexit2.o(.ARM.Collect$$rtexit$$00000003)
    .ARM.Collect$$rtexit$$00000004           0x000004e4   Section        6  rtexit2.o(.ARM.Collect$$rtexit$$00000004)
    .text                                    0x000004ec   Section       60  startup_mk20d7.o(.text)
    .text                                    0x00000528   Section        0  heapauxi.o(.text)
    .text                                    0x0000052e   Section       74  sys_stackheap_outer.o(.text)
    .text                                    0x00000578   Section        0  exit.o(.text)
    .text                                    0x0000058c   Section        8  libspace.o(.text)
    .text                                    0x00000594   Section        0  sys_exit.o(.text)
    .text                                    0x000005a0   Section        2  use_no_semi.o(.text)
    .text                                    0x000005a2   Section        0  indicate_semi.o(.text)
    [Anonymous Symbol]                       0x000005a4   Section        0  arm_fill_q15.o(.text.arm_fill_q15)
    [Anonymous Symbol]                       0x000005d8   Section        0  arm_mean_q15.o(.text.arm_mean_q15)
    i.ADC0_Config                            0x00000630   Section        0  drivers.o(i.ADC0_Config)
    i.ADC0_Read                              0x00000664   Section        0  drivers.o(i.ADC0_Read)
    i.Finger_Action                          0x00000690   Section        0  finger.o(i.Finger_Action)
    i.Finger_ActionTime                      0x0000078c   Section        0  finger.o(i.Finger_ActionTime)
    i.Finger_Close                           0x00000850   Section        0  finger.o(i.Finger_Close)
    i.Finger_Open                            0x000008b0   Section        0  finger.o(i.Finger_Open)
    i.Finger_Stop                            0x00000910   Section        0  finger.o(i.Finger_Stop)
    i.Finger_Timing                          0x00000970   Section        0  finger.o(i.Finger_Timing)
    i.Hand_Action                            0x000009a4   Section        0  main.o(i.Hand_Action)
    i.LED_Config                             0x00000a30   Section        0  drivers.o(i.LED_Config)
    i.LED_Off                                0x00000a70   Section        0  drivers.o(i.LED_Off)
    i.LED_On                                 0x00000a88   Section        0  drivers.o(i.LED_On)
    i.Output_Config                          0x00000aa0   Section        0  drivers.o(i.Output_Config)
    i.SysTick_Handler                        0x00000b80   Section        0  main.o(i.SysTick_Handler)
    i.SystemInit                             0x00000c64   Section        0  system_mk20d7.o(i.SystemInit)
    i.UART0_Config                           0x00000c80   Section        0  drivers.o(i.UART0_Config)
    i.UART1_Config                           0x00000cdc   Section        0  drivers.o(i.UART1_Config)
    i.UART1_RX_TX_IRQHandler                 0x00000d38   Section        0  main.o(i.UART1_RX_TX_IRQHandler)
    i.__NVIC_EnableIRQ                       0x00000dc0   Section        0  drivers.o(i.__NVIC_EnableIRQ)
    __NVIC_EnableIRQ                         0x00000dc1   Thumb Code    34  drivers.o(i.__NVIC_EnableIRQ)
    i.main                                   0x00000de4   Section        0  main.o(i.main)
    x$fpl$ddiv                               0x00000f40   Section      688  ddiv.o(x$fpl$ddiv)
    ddiv_entry                               0x00000f47   Thumb Code     0  ddiv.o(x$fpl$ddiv)
    x$fpl$dfixu                              0x000011f0   Section       90  dfixu.o(x$fpl$dfixu)
    x$fpl$dfltu                              0x0000124a   Section       38  dflt_clz.o(x$fpl$dfltu)
    x$fpl$dnaninf                            0x00001270   Section      156  dnaninf.o(x$fpl$dnaninf)
    x$fpl$dretinf                            0x0000130c   Section       12  dretinf.o(x$fpl$dretinf)
    .constdata                               0x00001318   Section       23  drivers.o(.constdata)
    x$fpl$usenofp                            0x00001318   Section        0  usenofp.o(x$fpl$usenofp)
    channel2sc1a                             0x00001318   Data          23  drivers.o(.constdata)
    .constdata                               0x00001330   Section       48  finger.o(.constdata)
    .constdata                               0x00001360   Section       78  main.o(.constdata)
    .data                                    0x20000000   Section       48  finger.o(.data)
    .data                                    0x20000030   Section      720  main.o(.data)
    .data                                    0x20000300   Section        4  system_mk20d7.o(.data)
    .bss                                     0x20000304   Section       96  libspace.o(.bss)
    HEAP                                     0x20000368   Section        0  startup_mk20d7.o(HEAP)
    STACK                                    0x20000368   Section     1024  startup_mk20d7.o(STACK)
    Heap_Mem                                 0x20000368   Data           0  startup_mk20d7.o(HEAP)
    Stack_Mem                                0x20000368   Data        1024  startup_mk20d7.o(STACK)
    __initial_sp                             0x20000768   Data           0  startup_mk20d7.o(STACK)

    Global Symbols

    Symbol Name                              Value     Ov Type        Size  Object(Section)

    BuildAttributes$$THM_ISAv4$E$P$D$K$B$S$7EM$PE$A:L22UL41UL21$X:L11$S22US41US21$IEEE1$IW$USESV6$~STKCKD$USESV7$~SHL$OSPACE$ROPI$EBA8$UX$STANDARDLIB$REQ8$PRES8$EABIv2 0x00000000   Number         0  anon$$obj.o ABSOLUTE
    __ARM_use_no_argv                        0x00000000   Number         0  main.o ABSOLUTE
    __Vectors                                0x00000000   Data           4  startup_mk20d7.o(RESET)
    __ARM_exceptions_init                     - Undefined Weak Reference
    __alloca_initialize                       - Undefined Weak Reference
    __arm_preinit_                            - Undefined Weak Reference
    __cpp_initialize__aeabi_                  - Undefined Weak Reference
    __cxa_finalize                            - Undefined Weak Reference
    __rt_locale                               - Undefined Weak Reference
    __sigvec_lookup                           - Undefined Weak Reference
    _atexit_init                              - Undefined Weak Reference
    _call_atexit_fns                          - Undefined Weak Reference
    _clock_init                               - Undefined Weak Reference
    _fp_trap_init                             - Undefined Weak Reference
    _fp_trap_shutdown                         - Undefined Weak Reference
    _get_lc_collate                           - Undefined Weak Reference
    _get_lc_ctype                             - Undefined Weak Reference
    _get_lc_monetary                          - Undefined Weak Reference
    _get_lc_numeric                           - Undefined Weak Reference
    _get_lc_time                              - Undefined Weak Reference
    _getenv_init                              - Undefined Weak Reference
    _handle_redirection                       - Undefined Weak Reference
    _init_alloc                               - Undefined Weak Reference
    _init_user_alloc                          - Undefined Weak Reference
    _initio                                   - Undefined Weak Reference
    _rand_init                                - Undefined Weak Reference
    _signal_finish                            - Undefined Weak Reference
    _signal_init                              - Undefined Weak Reference
    _terminate_alloc                          - Undefined Weak Reference
    _terminate_user_alloc                     - Undefined Weak Reference
    _terminateio                              - Undefined Weak Reference
    __Vectors_End                            0x00000400   Data           0  startup_mk20d7.o(RESET)
    __Vectors_Size                           0x00000400   Number         0  startup_mk20d7.o ABSOLUTE
    __main                                   0x00000411   Thumb Code     8  __main.o(!!!main)
    __scatterload                            0x00000419   Thumb Code     0  __scatter.o(!!!scatter)
    __scatterload_rt2                        0x00000419   Thumb Code    44  __scatter.o(!!!scatter)
    __scatterload_rt2_thumb_only             0x00000419   Thumb Code     0  __scatter.o(!!!scatter)
    __scatterload_null                       0x00000427   Thumb Code     0  __scatter.o(!!!scatter)
    __decompress                             0x0000044d   Thumb Code    90  __dczerorl2.o(!!dczerorl2)
    __decompress1                            0x0000044d   Thumb Code     0  __dczerorl2.o(!!dczerorl2)
    __scatterload_zeroinit                   0x000004a9   Thumb Code    28  __scatter_zi.o(!!handler_zi)
    __rt_lib_init                            0x000004c5   Thumb Code     0  libinit.o(.ARM.Collect$$libinit$$00000000)
    __rt_lib_init_alloca_1                   0x000004c7   Thumb Code     0  libinit2.o(.ARM.Collect$$libinit$$0000002E)
    __rt_lib_init_argv_1                     0x000004c7   Thumb Code     0  libinit2.o(.ARM.Collect$$libinit$$0000002C)
    __rt_lib_init_atexit_1                   0x000004c7   Thumb Code     0  libinit2.o(.ARM.Collect$$libinit$$0000001B)
    __rt_lib_init_clock_1                    0x000004c7   Thumb Code     0  libinit2.o(.ARM.Collect$$libinit$$00000021)
    __rt_lib_init_cpp_1                      0x000004c7   Thumb Code     0  libinit2.o(.ARM.Collect$$libinit$$00000032)
    __rt_lib_init_exceptions_1               0x000004c7   Thumb Code     0  libinit2.o(.ARM.Collect$$libinit$$00000030)
    __rt_lib_init_fp_1                       0x000004c7   Thumb Code     0  libinit2.o(.ARM.Collect$$libinit$$00000002)
    __rt_lib_init_fp_trap_1                  0x000004c7   Thumb Code     0  libinit2.o(.ARM.Collect$$libinit$$0000001F)
    __rt_lib_init_getenv_1                   0x000004c7   Thumb Code     0  libinit2.o(.ARM.Collect$$libinit$$00000023)
    __rt_lib_init_heap_1                     0x000004c7   Thumb Code     0  libinit2.o(.ARM.Collect$$libinit$$0000000A)
    __rt_lib_init_lc_collate_1               0x000004c7   Thumb Code     0  libinit2.o(.ARM.Collect$$libinit$$00000011)
    __rt_lib_init_lc_ctype_1                 0x000004c7   Thumb Code     0  libinit2.o(.ARM.Collect$$libinit$$00000013)
    __rt_lib_init_lc_monetary_1              0x000004c7   Thumb Code     0  libinit2.o(.ARM.Collect$$libinit$$00000015)
    __rt_lib_init_lc_numeric_1               0x000004c7   Thumb Code     0  libinit2.o(.ARM.Collect$$libinit$$00000017)
    __rt_lib_init_lc_time_1                  0x000004c7   Thumb Code     0  libinit2.o(.ARM.Collect$$libinit$$00000019)
    __rt_lib_init_preinit_1                  0x000004c7   Thumb Code     0  libinit2.o(.ARM.Collect$$libinit$$00000004)
    __rt_lib_init_rand_1                     0x000004c7   Thumb Code     0  libinit2.o(.ARM.Collect$$libinit$$0000000E)
    __rt_lib_init_return                     0x000004c7   Thumb Code     0  libinit2.o(.ARM.Collect$$libinit$$00000033)
    __rt_lib_init_signal_1                   0x000004c7   Thumb Code     0  libinit2.o(.ARM.Collect$$libinit$$0000001D)
    __rt_lib_init_stdio_1                    0x000004c7   Thumb Code     0  libinit2.o(.ARM.Collect$$libinit$$00000025)
    __rt_lib_init_user_alloc_1               0x000004c7   Thumb Code     0  libinit2.o(.ARM.Collect$$libinit$$0000000C)
    __rt_lib_shutdown                        0x000004c9   Thumb Code     0  libshutdown.o(.ARM.Collect$$libshutdown$$00000000)
    __rt_lib_shutdown_cpp_1                  0x000004cb   Thumb Code     0  libshutdown2.o(.ARM.Collect$$libshutdown$$00000002)
    __rt_lib_shutdown_fp_trap_1              0x000004cb   Thumb Code     0  libshutdown2.o(.ARM.Collect$$libshutdown$$00000007)
    __rt_lib_shutdown_heap_1                 0x000004cb   Thumb Code     0  libshutdown2.o(.ARM.Collect$$libshutdown$$0000000F)
    __rt_lib_shutdown_return                 0x000004cb   Thumb Code     0  libshutdown2.o(.ARM.Collect$$libshutdown$$00000010)
    __rt_lib_shutdown_signal_1               0x000004cb   Thumb Code     0  libshutdown2.o(.ARM.Collect$$libshutdown$$0000000A)
    __rt_lib_shutdown_stdio_1                0x000004cb   Thumb Code     0  libshutdown2.o(.ARM.Collect$$libshutdown$$00000004)
    __rt_lib_shutdown_user_alloc_1           0x000004cb   Thumb Code     0  libshutdown2.o(.ARM.Collect$$libshutdown$$0000000C)
    __rt_entry                               0x000004cd   Thumb Code     0  __rtentry.o(.ARM.Collect$$rtentry$$00000000)
    __rt_entry_presh_1                       0x000004cd   Thumb Code     0  __rtentry2.o(.ARM.Collect$$rtentry$$00000002)
    __rt_entry_sh                            0x000004cd   Thumb Code     0  __rtentry4.o(.ARM.Collect$$rtentry$$00000004)
    __rt_entry_li                            0x000004d3   Thumb Code     0  __rtentry2.o(.ARM.Collect$$rtentry$$0000000A)
    __rt_entry_postsh_1                      0x000004d3   Thumb Code     0  __rtentry2.o(.ARM.Collect$$rtentry$$00000009)
    __rt_entry_main                          0x000004d7   Thumb Code     0  __rtentry2.o(.ARM.Collect$$rtentry$$0000000D)
    __rt_entry_postli_1                      0x000004d7   Thumb Code     0  __rtentry2.o(.ARM.Collect$$rtentry$$0000000C)
    __rt_exit                                0x000004df   Thumb Code     0  rtexit.o(.ARM.Collect$$rtexit$$00000000)
    __rt_exit_ls                             0x000004e1   Thumb Code     0  rtexit2.o(.ARM.Collect$$rtexit$$00000003)
    __rt_exit_prels_1                        0x000004e1   Thumb Code     0  rtexit2.o(.ARM.Collect$$rtexit$$00000002)
    __rt_exit_exit                           0x000004e5   Thumb Code     0  rtexit2.o(.ARM.Collect$$rtexit$$00000004)
    Reset_Handler                            0x000004ed   Thumb Code     8  startup_mk20d7.o(.text)
    NMI_Handler                              0x000004f5   Thumb Code     2  startup_mk20d7.o(.text)
    HardFault_Handler                        0x000004f7   Thumb Code     2  startup_mk20d7.o(.text)
    MemManage_Handler                        0x000004f9   Thumb Code     2  startup_mk20d7.o(.text)
    BusFault_Handler                         0x000004fb   Thumb Code     2  startup_mk20d7.o(.text)
    UsageFault_Handler                       0x000004fd   Thumb Code     2  startup_mk20d7.o(.text)
    SVC_Handler                              0x000004ff   Thumb Code     2  startup_mk20d7.o(.text)
    DebugMon_Handler                         0x00000501   Thumb Code     2  startup_mk20d7.o(.text)
    PendSV_Handler                           0x00000503   Thumb Code     2  startup_mk20d7.o(.text)
    ADC0_IRQHandler                          0x00000507   Thumb Code     0  startup_mk20d7.o(.text)
    ADC1_IRQHandler                          0x00000507   Thumb Code     0  startup_mk20d7.o(.text)
    CAN0_Bus_Off_IRQHandler                  0x00000507   Thumb Code     0  startup_mk20d7.o(.text)
    CAN0_Error_IRQHandler                    0x00000507   Thumb Code     0  startup_mk20d7.o(.text)
    CAN0_ORed_Message_buffer_IRQHandler      0x00000507   Thumb Code     0  startup_mk20d7.o(.text)
    CAN0_Rx_Warning_IRQHandler               0x00000507   Thumb Code     0  startup_mk20d7.o(.text)
    CAN0_Tx_Warning_IRQHandler               0x00000507   Thumb Code     0  startup_mk20d7.o(.text)
    CAN0_Wake_Up_IRQHandler                  0x00000507   Thumb Code     0  startup_mk20d7.o(.text)
    CMP0_IRQHandler                          0x00000507   Thumb Code     0  startup_mk20d7.o(.text)
    CMP1_IRQHandler                          0x00000507   Thumb Code     0  startup_mk20d7.o(.text)
    CMP2_IRQHandler                          0x00000507   Thumb Code     0  startup_mk20d7.o(.text)
    CMT_IRQHandler                           0x00000507   Thumb Code     0  startup_mk20d7.o(.text)
    DAC0_IRQHandler                          0x00000507   Thumb Code     0  startup_mk20d7.o(.text)
    DMA0_IRQHandler                          0x00000507   Thumb Code     0  startup_mk20d7.o(.text)
    DMA10_IRQHandler                         0x00000507   Thumb Code     0  startup_mk20d7.o(.text)
    DMA11_IRQHandler                         0x00000507   Thumb Code     0  startup_mk20d7.o(.text)
    DMA12_IRQHandler                         0x00000507   Thumb Code     0  startup_mk20d7.o(.text)
    DMA13_IRQHandler                         0x00000507   Thumb Code     0  startup_mk20d7.o(.text)
    DMA14_IRQHandler                         0x00000507   Thumb Code     0  startup_mk20d7.o(.text)
    DMA15_IRQHandler                         0x00000507   Thumb Code     0  startup_mk20d7.o(.text)
    DMA1_IRQHandler                          0x00000507   Thumb Code     0  startup_mk20d7.o(.text)
    DMA2_IRQHandler                          0x00000507   Thumb Code     0  startup_mk20d7.o(.text)
    DMA3_IRQHandler                          0x00000507   Thumb Code     0  startup_mk20d7.o(.text)
    DMA4_IRQHandler                          0x00000507   Thumb Code     0  startup_mk20d7.o(.text)
    DMA5_IRQHandler                          0x00000507   Thumb Code     0  startup_mk20d7.o(.text)
    DMA6_IRQHandler                          0x00000507   Thumb Code     0  startup_mk20d7.o(.text)
    DMA7_IRQHandler                          0x00000507   Thumb Code     0  startup_mk20d7.o(.text)
    DMA8_IRQHandler                          0x00000507   Thumb Code     0  startup_mk20d7.o(.text)
    DMA9_IRQHandler                          0x00000507   Thumb Code     0  startup_mk20d7.o(.text)
    DMA_Error_IRQHandler                     0x00000507   Thumb Code     0  startup_mk20d7.o(.text)
    DefaultISR                               0x00000507   Thumb Code     0  startup_mk20d7.o(.text)
    FTFL_IRQHandler                          0x00000507   Thumb Code     0  startup_mk20d7.o(.text)
    FTM0_IRQHandler                          0x00000507   Thumb Code     0  startup_mk20d7.o(.text)
    FTM1_IRQHandler                          0x00000507   Thumb Code     0  startup_mk20d7.o(.text)
    FTM2_IRQHandler                          0x00000507   Thumb Code     0  startup_mk20d7.o(.text)
    I2C0_IRQHandler                          0x00000507   Thumb Code     0  startup_mk20d7.o(.text)
    I2C1_IRQHandler                          0x00000507   Thumb Code     0  startup_mk20d7.o(.text)
    I2S0_Rx_IRQHandler                       0x00000507   Thumb Code     0  startup_mk20d7.o(.text)
    I2S0_Tx_IRQHandler                       0x00000507   Thumb Code     0  startup_mk20d7.o(.text)
    LLW_IRQHandler                           0x00000507   Thumb Code     0  startup_mk20d7.o(.text)
    LPTimer_IRQHandler                       0x00000507   Thumb Code     0  startup_mk20d7.o(.text)
    LVD_LVW_IRQHandler                       0x00000507   Thumb Code     0  startup_mk20d7.o(.text)
    MCG_IRQHandler                           0x00000507   Thumb Code     0  startup_mk20d7.o(.text)
    MCM_IRQHandler                           0x00000507   Thumb Code     0  startup_mk20d7.o(.text)
    PDB0_IRQHandler                          0x00000507   Thumb Code     0  startup_mk20d7.o(.text)
    PIT0_IRQHandler                          0x00000507   Thumb Code     0  startup_mk20d7.o(.text)
    PIT1_IRQHandler                          0x00000507   Thumb Code     0  startup_mk20d7.o(.text)
    PIT2_IRQHandler                          0x00000507   Thumb Code     0  startup_mk20d7.o(.text)
    PIT3_IRQHandler                          0x00000507   Thumb Code     0  startup_mk20d7.o(.text)
    PORTA_IRQHandler                         0x00000507   Thumb Code     0  startup_mk20d7.o(.text)
    PORTB_IRQHandler                         0x00000507   Thumb Code     0  startup_mk20d7.o(.text)
    PORTC_IRQHandler                         0x00000507   Thumb Code     0  startup_mk20d7.o(.text)
    PORTD_IRQHandler                         0x00000507   Thumb Code     0  startup_mk20d7.o(.text)
    PORTE_IRQHandler                         0x00000507   Thumb Code     0  startup_mk20d7.o(.text)
    RTC_IRQHandler                           0x00000507   Thumb Code     0  startup_mk20d7.o(.text)
    RTC_Seconds_IRQHandler                   0x00000507   Thumb Code     0  startup_mk20d7.o(.text)
    Read_Collision_IRQHandler                0x00000507   Thumb Code     0  startup_mk20d7.o(.text)
    Reserved102_IRQHandler                   0x00000507   Thumb Code     0  startup_mk20d7.o(.text)
    Reserved108_IRQHandler                   0x00000507   Thumb Code     0  startup_mk20d7.o(.text)
    Reserved109_IRQHandler                   0x00000507   Thumb Code     0  startup_mk20d7.o(.text)
    Reserved39_IRQHandler                    0x00000507   Thumb Code     0  startup_mk20d7.o(.text)
    Reserved44_IRQHandler                    0x00000507   Thumb Code     0  startup_mk20d7.o(.text)
    Reserved53_IRQHandler                    0x00000507   Thumb Code     0  startup_mk20d7.o(.text)
    Reserved54_IRQHandler                    0x00000507   Thumb Code     0  startup_mk20d7.o(.text)
    Reserved55_IRQHandler                    0x00000507   Thumb Code     0  startup_mk20d7.o(.text)
    Reserved56_IRQHandler                    0x00000507   Thumb Code     0  startup_mk20d7.o(.text)
    Reserved57_IRQHandler                    0x00000507   Thumb Code     0  startup_mk20d7.o(.text)
    Reserved58_IRQHandler                    0x00000507   Thumb Code     0  startup_mk20d7.o(.text)
    Reserved59_IRQHandler                    0x00000507   Thumb Code     0  startup_mk20d7.o(.text)
    Reserved71_IRQHandler                    0x00000507   Thumb Code     0  startup_mk20d7.o(.text)
    Reserved72_IRQHandler                    0x00000507   Thumb Code     0  startup_mk20d7.o(.text)
    Reserved91_IRQHandler                    0x00000507   Thumb Code     0  startup_mk20d7.o(.text)
    Reserved92_IRQHandler                    0x00000507   Thumb Code     0  startup_mk20d7.o(.text)
    Reserved93_IRQHandler                    0x00000507   Thumb Code     0  startup_mk20d7.o(.text)
    Reserved94_IRQHandler                    0x00000507   Thumb Code     0  startup_mk20d7.o(.text)
    Reserved95_IRQHandler                    0x00000507   Thumb Code     0  startup_mk20d7.o(.text)
    Reserved96_IRQHandler                    0x00000507   Thumb Code     0  startup_mk20d7.o(.text)
    Reserved98_IRQHandler                    0x00000507   Thumb Code     0  startup_mk20d7.o(.text)
    SPI0_IRQHandler                          0x00000507   Thumb Code     0  startup_mk20d7.o(.text)
    SPI1_IRQHandler                          0x00000507   Thumb Code     0  startup_mk20d7.o(.text)
    SWI_IRQHandler                           0x00000507   Thumb Code     0  startup_mk20d7.o(.text)
    TSI0_IRQHandler                          0x00000507   Thumb Code     0  startup_mk20d7.o(.text)
    UART0_ERR_IRQHandler                     0x00000507   Thumb Code     0  startup_mk20d7.o(.text)
    UART0_LON_IRQHandler                     0x00000507   Thumb Code     0  startup_mk20d7.o(.text)
    UART0_RX_TX_IRQHandler                   0x00000507   Thumb Code     0  startup_mk20d7.o(.text)
    UART1_ERR_IRQHandler                     0x00000507   Thumb Code     0  startup_mk20d7.o(.text)
    UART2_ERR_IRQHandler                     0x00000507   Thumb Code     0  startup_mk20d7.o(.text)
    UART2_RX_TX_IRQHandler                   0x00000507   Thumb Code     0  startup_mk20d7.o(.text)
    UART3_ERR_IRQHandler                     0x00000507   Thumb Code     0  startup_mk20d7.o(.text)
    UART3_RX_TX_IRQHandler                   0x00000507   Thumb Code     0  startup_mk20d7.o(.text)
    UART4_ERR_IRQHandler                     0x00000507   Thumb Code     0  startup_mk20d7.o(.text)
    UART4_RX_TX_IRQHandler                   0x00000507   Thumb Code     0  startup_mk20d7.o(.text)
    USB0_IRQHandler                          0x00000507   Thumb Code     0  startup_mk20d7.o(.text)
    USBDCD_IRQHandler                        0x00000507   Thumb Code     0  startup_mk20d7.o(.text)
    Watchdog_IRQHandler                      0x00000507   Thumb Code     0  startup_mk20d7.o(.text)
    __user_initial_stackheap                 0x00000509   Thumb Code     0  startup_mk20d7.o(.text)
    __use_two_region_memory                  0x00000529   Thumb Code     2  heapauxi.o(.text)
    __rt_heap_escrow$2region                 0x0000052b   Thumb Code     2  heapauxi.o(.text)
    __rt_heap_expand$2region                 0x0000052d   Thumb Code     2  heapauxi.o(.text)
    __user_setup_stackheap                   0x0000052f   Thumb Code    74  sys_stackheap_outer.o(.text)
    exit                                     0x00000579   Thumb Code    18  exit.o(.text)
    __user_libspace                          0x0000058d   Thumb Code     8  libspace.o(.text)
    __user_perproc_libspace                  0x0000058d   Thumb Code     0  libspace.o(.text)
    __user_perthread_libspace                0x0000058d   Thumb Code     0  libspace.o(.text)
    _sys_exit                                0x00000595   Thumb Code     8  sys_exit.o(.text)
    __I$use$semihosting                      0x000005a1   Thumb Code     0  use_no_semi.o(.text)
    __use_no_semihosting_swi                 0x000005a1   Thumb Code     2  use_no_semi.o(.text)
    __semihosting_library_function           0x000005a3   Thumb Code     0  indicate_semi.o(.text)
    arm_fill_q15                             0x000005a5   Thumb Code    50  arm_fill_q15.o(.text.arm_fill_q15)
    arm_mean_q15                             0x000005d9   Thumb Code    86  arm_mean_q15.o(.text.arm_mean_q15)
    ADC0_Config                              0x00000631   Thumb Code    42  drivers.o(i.ADC0_Config)
    ADC0_Read                                0x00000665   Thumb Code    36  drivers.o(i.ADC0_Read)
    Finger_Action                            0x00000691   Thumb Code   246  finger.o(i.Finger_Action)
    Finger_ActionTime                        0x0000078d   Thumb Code   196  finger.o(i.Finger_ActionTime)
    Finger_Close                             0x00000851   Thumb Code    88  finger.o(i.Finger_Close)
    Finger_Open                              0x000008b1   Thumb Code    88  finger.o(i.Finger_Open)
    Finger_Stop                              0x00000911   Thumb Code    88  finger.o(i.Finger_Stop)
    Finger_Timing                            0x00000971   Thumb Code    50  finger.o(i.Finger_Timing)
    Hand_Action                              0x000009a5   Thumb Code   112  main.o(i.Hand_Action)
    LED_Config                               0x00000a31   Thumb Code    50  drivers.o(i.LED_Config)
    LED_Off                                  0x00000a71   Thumb Code    18  drivers.o(i.LED_Off)
    LED_On                                   0x00000a89   Thumb Code    18  drivers.o(i.LED_On)
    Output_Config                            0x00000aa1   Thumb Code   204  drivers.o(i.Output_Config)
    SysTick_Handler                          0x00000b81   Thumb Code   200  main.o(i.SysTick_Handler)
    SystemInit                               0x00000c65   Thumb Code    22  system_mk20d7.o(i.SystemInit)
    UART0_Config                             0x00000c81   Thumb Code    78  drivers.o(i.UART0_Config)
    UART1_Config                             0x00000cdd   Thumb Code    78  drivers.o(i.UART1_Config)
    UART1_RX_TX_IRQHandler                   0x00000d39   Thumb Code   118  main.o(i.UART1_RX_TX_IRQHandler)
    main                                     0x00000de5   Thumb Code   308  main.o(i.main)
    __aeabi_ddiv                             0x00000f41   Thumb Code     0  ddiv.o(x$fpl$ddiv)
    _ddiv                                    0x00000f41   Thumb Code   552  ddiv.o(x$fpl$ddiv)
    __aeabi_d2uiz                            0x000011f1   Thumb Code     0  dfixu.o(x$fpl$dfixu)
    _dfixu                                   0x000011f1   Thumb Code    90  dfixu.o(x$fpl$dfixu)
    __aeabi_ui2d                             0x0000124b   Thumb Code     0  dflt_clz.o(x$fpl$dfltu)
    _dfltu                                   0x0000124b   Thumb Code    38  dflt_clz.o(x$fpl$dfltu)
    __fpl_dnaninf                            0x00001271   Thumb Code   156  dnaninf.o(x$fpl$dnaninf)
    __fpl_dretinf                            0x0000130d   Thumb Code    12  dretinf.o(x$fpl$dretinf)
    __I$use$fp                               0x00001318   Number         0  usenofp.o(x$fpl$usenofp)
    fingers_mask                             0x00001330   Data          48  finger.o(.constdata)
    actions                                  0x00001360   Data          78  main.o(.constdata)
    Region$$Table$$Base                      0x000013b0   Number         0  anon$$obj.o(Region$$Table)
    Region$$Table$$Limit                     0x000013d0   Number         0  anon$$obj.o(Region$$Table)
    fingers_addr                             0x20000000   Data          48  finger.o(.data)
    value                                    0x20000030   Data           2  main.o(.data)
    receivedCMD                              0x20000032   Data           1  main.o(.data)
    activate                                 0x20000033   Data           1  main.o(.data)
    muscle_state                             0x20000034   Data           1  main.o(.data)
    thumb_rot                                0x20000038   Data         116  main.o(.data)
    thumb_f                                  0x200000ac   Data         116  main.o(.data)
    index_f                                  0x20000120   Data         116  main.o(.data)
    middle_f                                 0x20000194   Data         116  main.o(.data)
    ring_f                                   0x20000208   Data         116  main.o(.data)
    little_f                                 0x2000027c   Data         116  main.o(.data)
    cmd                                      0x200002f0   Data           1  main.o(.data)
    ticks                                    0x200002f4   Data           4  main.o(.data)
    ready                                    0x200002f8   Data           4  main.o(.data)
    flt                                      0x200002fc   Data           4  main.o(.data)
    SystemCoreClock                          0x20000300   Data           4  system_mk20d7.o(.data)
    __libspace_start                         0x20000304   Data          96  libspace.o(.bss)
    __temporary_stack_top$libspace           0x20000364   Data           0  libspace.o(.bss)



==============================================================================

Memory Map of the image

  Image Entry point : 0x000004ed

  Load Region LR_1 (Base: 0x00000000, Size: 0x000016d4, Max: 0xffffffff, ABSOLUTE, COMPRESSED[0x0000140c])

    Execution Region ER_RO (Exec base: 0x00000000, Load base: 0x00000000, Size: 0x000013d0, Max: 0xffffffff, ABSOLUTE)

    Exec Addr    Load Addr    Size         Type   Attr      Idx    E Section Name        Object

    0x00000000   0x00000000   0x00000400   Data   RO          295    RESET               startup_mk20d7.o
    0x00000400   0x00000400   0x00000010   Code   RO          296    .ARM.__at_0x400     startup_mk20d7.o
    0x00000410   0x00000410   0x00000008   Code   RO          365  * !!!main             c_w.l(__main.o)
    0x00000418   0x00000418   0x00000034   Code   RO          543    !!!scatter          c_w.l(__scatter.o)
    0x0000044c   0x0000044c   0x0000005a   Code   RO          541    !!dczerorl2         c_w.l(__dczerorl2.o)
    0x000004a6   0x000004a6   0x00000002   PAD
    0x000004a8   0x000004a8   0x0000001c   Code   RO          545    !!handler_zi        c_w.l(__scatter_zi.o)
    0x000004c4   0x000004c4   0x00000002   Code   RO          411    .ARM.Collect$$libinit$$00000000  c_w.l(libinit.o)
    0x000004c6   0x000004c6   0x00000000   Code   RO          418    .ARM.Collect$$libinit$$00000002  c_w.l(libinit2.o)
    0x000004c6   0x000004c6   0x00000000   Code   RO          420    .ARM.Collect$$libinit$$00000004  c_w.l(libinit2.o)
    0x000004c6   0x000004c6   0x00000000   Code   RO          423    .ARM.Collect$$libinit$$0000000A  c_w.l(libinit2.o)
    0x000004c6   0x000004c6   0x00000000   Code   RO          425    .ARM.Collect$$libinit$$0000000C  c_w.l(libinit2.o)
    0x000004c6   0x000004c6   0x00000000   Code   RO          427    .ARM.Collect$$libinit$$0000000E  c_w.l(libinit2.o)
    0x000004c6   0x000004c6   0x00000000   Code   RO          430    .ARM.Collect$$libinit$$00000011  c_w.l(libinit2.o)
    0x000004c6   0x000004c6   0x00000000   Code   RO          432    .ARM.Collect$$libinit$$00000013  c_w.l(libinit2.o)
    0x000004c6   0x000004c6   0x00000000   Code   RO          434    .ARM.Collect$$libinit$$00000015  c_w.l(libinit2.o)
    0x000004c6   0x000004c6   0x00000000   Code   RO          436    .ARM.Collect$$libinit$$00000017  c_w.l(libinit2.o)
    0x000004c6   0x000004c6   0x00000000   Code   RO          438    .ARM.Collect$$libinit$$00000019  c_w.l(libinit2.o)
    0x000004c6   0x000004c6   0x00000000   Code   RO          440    .ARM.Collect$$libinit$$0000001B  c_w.l(libinit2.o)
    0x000004c6   0x000004c6   0x00000000   Code   RO          442    .ARM.Collect$$libinit$$0000001D  c_w.l(libinit2.o)
    0x000004c6   0x000004c6   0x00000000   Code   RO          444    .ARM.Collect$$libinit$$0000001F  c_w.l(libinit2.o)
    0x000004c6   0x000004c6   0x00000000   Code   RO          446    .ARM.Collect$$libinit$$00000021  c_w.l(libinit2.o)
    0x000004c6   0x000004c6   0x00000000   Code   RO          448    .ARM.Collect$$libinit$$00000023  c_w.l(libinit2.o)
    0x000004c6   0x000004c6   0x00000000   Code   RO          450    .ARM.Collect$$libinit$$00000025  c_w.l(libinit2.o)
    0x000004c6   0x000004c6   0x00000000   Code   RO          454    .ARM.Collect$$libinit$$0000002C  c_w.l(libinit2.o)
    0x000004c6   0x000004c6   0x00000000   Code   RO          456    .ARM.Collect$$libinit$$0000002E  c_w.l(libinit2.o)
    0x000004c6   0x000004c6   0x00000000   Code   RO          458    .ARM.Collect$$libinit$$00000030  c_w.l(libinit2.o)
    0x000004c6   0x000004c6   0x00000000   Code   RO          460    .ARM.Collect$$libinit$$00000032  c_w.l(libinit2.o)
    0x000004c6   0x000004c6   0x00000002   Code   RO          461    .ARM.Collect$$libinit$$00000033  c_w.l(libinit2.o)
    0x000004c8   0x000004c8   0x00000002   Code   RO          481    .ARM.Collect$$libshutdown$$00000000  c_w.l(libshutdown.o)
    0x000004ca   0x000004ca   0x00000000   Code   RO          494    .ARM.Collect$$libshutdown$$00000002  c_w.l(libshutdown2.o)
    0x000004ca   0x000004ca   0x00000000   Code   RO          496    .ARM.Collect$$libshutdown$$00000004  c_w.l(libshutdown2.o)
    0x000004ca   0x000004ca   0x00000000   Code   RO          499    .ARM.Collect$$libshutdown$$00000007  c_w.l(libshutdown2.o)
    0x000004ca   0x000004ca   0x00000000   Code   RO          502    .ARM.Collect$$libshutdown$$0000000A  c_w.l(libshutdown2.o)
    0x000004ca   0x000004ca   0x00000000   Code   RO          504    .ARM.Collect$$libshutdown$$0000000C  c_w.l(libshutdown2.o)
    0x000004ca   0x000004ca   0x00000000   Code   RO          507    .ARM.Collect$$libshutdown$$0000000F  c_w.l(libshutdown2.o)
    0x000004ca   0x000004ca   0x00000002   Code   RO          508    .ARM.Collect$$libshutdown$$00000010  c_w.l(libshutdown2.o)
    0x000004cc   0x000004cc   0x00000000   Code   RO          381    .ARM.Collect$$rtentry$$00000000  c_w.l(__rtentry.o)
    0x000004cc   0x000004cc   0x00000000   Code   RO          388    .ARM.Collect$$rtentry$$00000002  c_w.l(__rtentry2.o)
    0x000004cc   0x000004cc   0x00000006   Code   RO          400    .ARM.Collect$$rtentry$$00000004  c_w.l(__rtentry4.o)
    0x000004d2   0x000004d2   0x00000000   Code   RO          390    .ARM.Collect$$rtentry$$00000009  c_w.l(__rtentry2.o)
    0x000004d2   0x000004d2   0x00000004   Code   RO          391    .ARM.Collect$$rtentry$$0000000A  c_w.l(__rtentry2.o)
    0x000004d6   0x000004d6   0x00000000   Code   RO          393    .ARM.Collect$$rtentry$$0000000C  c_w.l(__rtentry2.o)
    0x000004d6   0x000004d6   0x00000008   Code   RO          394    .ARM.Collect$$rtentry$$0000000D  c_w.l(__rtentry2.o)
    0x000004de   0x000004de   0x00000002   Code   RO          415    .ARM.Collect$$rtexit$$00000000  c_w.l(rtexit.o)
    0x000004e0   0x000004e0   0x00000000   Code   RO          463    .ARM.Collect$$rtexit$$00000002  c_w.l(rtexit2.o)
    0x000004e0   0x000004e0   0x00000004   Code   RO          464    .ARM.Collect$$rtexit$$00000003  c_w.l(rtexit2.o)
    0x000004e4   0x000004e4   0x00000006   Code   RO          465    .ARM.Collect$$rtexit$$00000004  c_w.l(rtexit2.o)
    0x000004ea   0x000004ea   0x00000002   PAD
    0x000004ec   0x000004ec   0x0000003c   Code   RO          297  * .text               startup_mk20d7.o
    0x00000528   0x00000528   0x00000006   Code   RO          363    .text               c_w.l(heapauxi.o)
    0x0000052e   0x0000052e   0x0000004a   Code   RO          402    .text               c_w.l(sys_stackheap_outer.o)
    0x00000578   0x00000578   0x00000012   Code   RO          404    .text               c_w.l(exit.o)
    0x0000058a   0x0000058a   0x00000002   PAD
    0x0000058c   0x0000058c   0x00000008   Code   RO          412    .text               c_w.l(libspace.o)
    0x00000594   0x00000594   0x0000000c   Code   RO          473    .text               c_w.l(sys_exit.o)
    0x000005a0   0x000005a0   0x00000002   Code   RO          484    .text               c_w.l(use_no_semi.o)
    0x000005a2   0x000005a2   0x00000000   Code   RO          486    .text               c_w.l(indicate_semi.o)
    0x000005a2   0x000005a2   0x00000002   PAD
    0x000005a4   0x000005a4   0x00000032   Code   RO          351    .text.arm_fill_q15  arm_cortexM4l_math.lib(arm_fill_q15.o)
    0x000005d6   0x000005d6   0x00000002   PAD
    0x000005d8   0x000005d8   0x00000056   Code   RO          340    .text.arm_mean_q15  arm_cortexM4l_math.lib(arm_mean_q15.o)
    0x0000062e   0x0000062e   0x00000002   PAD
    0x00000630   0x00000630   0x00000034   Code   RO            4    i.ADC0_Config       drivers.o
    0x00000664   0x00000664   0x0000002c   Code   RO            5    i.ADC0_Read         drivers.o
    0x00000690   0x00000690   0x000000fc   Code   RO          164    i.Finger_Action     finger.o
    0x0000078c   0x0000078c   0x000000c4   Code   RO          165    i.Finger_ActionTime  finger.o
    0x00000850   0x00000850   0x00000060   Code   RO          166    i.Finger_Close      finger.o
    0x000008b0   0x000008b0   0x00000060   Code   RO          167    i.Finger_Open       finger.o
    0x00000910   0x00000910   0x00000060   Code   RO          169    i.Finger_Stop       finger.o
    0x00000970   0x00000970   0x00000032   Code   RO          170    i.Finger_Timing     finger.o
    0x000009a2   0x000009a2   0x00000002   PAD
    0x000009a4   0x000009a4   0x0000008c   Code   RO          235    i.Hand_Action       main.o
    0x00000a30   0x00000a30   0x00000040   Code   RO            6    i.LED_Config        drivers.o
    0x00000a70   0x00000a70   0x00000018   Code   RO            7    i.LED_Off           drivers.o
    0x00000a88   0x00000a88   0x00000018   Code   RO            8    i.LED_On            drivers.o
    0x00000aa0   0x00000aa0   0x000000e0   Code   RO           10    i.Output_Config     drivers.o
    0x00000b80   0x00000b80   0x000000e4   Code   RO          236    i.SysTick_Handler   main.o
    0x00000c64   0x00000c64   0x0000001c   Code   RO          307    i.SystemInit        system_mk20d7.o
    0x00000c80   0x00000c80   0x0000005c   Code   RO           13    i.UART0_Config      drivers.o
    0x00000cdc   0x00000cdc   0x0000005c   Code   RO           16    i.UART1_Config      drivers.o
    0x00000d38   0x00000d38   0x00000088   Code   RO          237    i.UART1_RX_TX_IRQHandler  main.o
    0x00000dc0   0x00000dc0   0x00000022   Code   RO           19    i.__NVIC_EnableIRQ  drivers.o
    0x00000de2   0x00000de2   0x00000002   PAD
    0x00000de4   0x00000de4   0x0000015c   Code   RO          238    i.main              main.o
    0x00000f40   0x00000f40   0x000002b0   Code   RO          368    x$fpl$ddiv          fz_ws.l(ddiv.o)
    0x000011f0   0x000011f0   0x0000005a   Code   RO          371    x$fpl$dfixu         fz_ws.l(dfixu.o)
    0x0000124a   0x0000124a   0x00000026   Code   RO          375    x$fpl$dfltu         fz_ws.l(dflt_clz.o)
    0x00001270   0x00001270   0x0000009c   Code   RO          382    x$fpl$dnaninf       fz_ws.l(dnaninf.o)
    0x0000130c   0x0000130c   0x0000000c   Code   RO          384    x$fpl$dretinf       fz_ws.l(dretinf.o)
    0x00001318   0x00001318   0x00000000   Code   RO          386    x$fpl$usenofp       fz_ws.l(usenofp.o)
    0x00001318   0x00001318   0x00000017   Data   RO           20    .constdata          drivers.o
    0x0000132f   0x0000132f   0x00000001   PAD
    0x00001330   0x00001330   0x00000030   Data   RO          171    .constdata          finger.o
    0x00001360   0x00001360   0x0000004e   Data   RO          240    .constdata          main.o
    0x000013ae   0x000013ae   0x00000002   PAD
    0x000013b0   0x000013b0   0x00000020   Data   RO          539    Region$$Table       anon$$obj.o


    Execution Region ER_RW (Exec base: 0x20000000, Load base: 0x000013d0, Size: 0x00000304, Max: 0xffffffff, ABSOLUTE, COMPRESSED[0x0000003c])

    Exec Addr    Load Addr    Size         Type   Attr      Idx    E Section Name        Object

    0x20000000   COMPRESSED   0x00000030   Data   RW          172    .data               finger.o
    0x20000030   COMPRESSED   0x000002d0   Data   RW          241    .data               main.o
    0x20000300   COMPRESSED   0x00000004   Data   RW          308    .data               system_mk20d7.o


    Execution Region ER_ZI (Exec base: 0x20000304, Load base: 0x0000140c, Size: 0x00000464, Max: 0xffffffff, ABSOLUTE)

    Exec Addr    Load Addr    Size         Type   Attr      Idx    E Section Name        Object

    0x20000304        -       0x00000060   Zero   RW          413    .bss                c_w.l(libspace.o)
    0x20000364   0x0000140c   0x00000004   PAD
    0x20000368        -       0x00000000   Zero   RW          294    HEAP                startup_mk20d7.o
    0x20000368        -       0x00000400   Zero   RW          293    STACK               startup_mk20d7.o


==============================================================================

Image component sizes


      Code (inc. data)   RO Data    RW Data    ZI Data      Debug   Object Name

       650         92         23          0          0     210356   drivers.o
       786         30         48         48          0       4723   finger.o
       852        126         78        720          0      32076   main.o
        76         38       1024          0       1024       1044   startup_mk20d7.o
        28          6          0          4          0        711   system_mk20d7.o

    ----------------------------------------------------------------------
      2396        292       1208        772       1024     248910   Object Totals
         0          0         32          0          0          0   (incl. Generated)
         4          0          3          0          0          0   (incl. Padding)

    ----------------------------------------------------------------------

      Code (inc. data)   RO Data    RW Data    ZI Data      Debug   Library Member Name

        50          0          0          0          0       1327   arm_fill_q15.o
        86          0          0          0          0       1354   arm_mean_q15.o
        90          0          0          0          0          0   __dczerorl2.o
         8          0          0          0          0         68   __main.o
         0          0          0          0          0          0   __rtentry.o
        12          0          0          0          0          0   __rtentry2.o
         6          0          0          0          0          0   __rtentry4.o
        52          8          0          0          0          0   __scatter.o
        28          0          0          0          0          0   __scatter_zi.o
        18          0          0          0          0         80   exit.o
         6          0          0          0          0        152   heapauxi.o
         0          0          0          0          0          0   indicate_semi.o
         2          0          0          0          0          0   libinit.o
         2          0          0          0          0          0   libinit2.o
         2          0          0          0          0          0   libshutdown.o
         2          0          0          0          0          0   libshutdown2.o
         8          4          0          0         96         68   libspace.o
         2          0          0          0          0          0   rtexit.o
        10          0          0          0          0          0   rtexit2.o
        12          4          0          0          0         68   sys_exit.o
        74          0          0          0          0         80   sys_stackheap_outer.o
         2          0          0          0          0         68   use_no_semi.o
       688        140          0          0          0        208   ddiv.o
        90          4          0          0          0         92   dfixu.o
        38          0          0          0          0         68   dflt_clz.o
       156          4          0          0          0         92   dnaninf.o
        12          0          0          0          0         68   dretinf.o
         0          0          0          0          0          0   usenofp.o

    ----------------------------------------------------------------------
      1468        164          0          0        100       3793   Library Totals
        12          0          0          0          4          0   (incl. Padding)

    ----------------------------------------------------------------------

      Code (inc. data)   RO Data    RW Data    ZI Data      Debug   Library Name

       136          0          0          0          0       2681   arm_cortexM4l_math.lib
       336         16          0          0         96        584   c_w.l
       984        148          0          0          0        528   fz_ws.l

    ----------------------------------------------------------------------
      1468        164          0          0        100       3793   Library Totals

    ----------------------------------------------------------------------

==============================================================================


      Code (inc. data)   RO Data    RW Data    ZI Data      Debug   

      3864        456       1208        772       1124     251383   Grand Totals
      3864        456       1208         60       1124     251383   ELF Image Totals (compressed)
      3864        456       1208         60          0          0   ROM Totals

==============================================================================

    Total RO  Size (Code + RO Data)                 5072 (   4.95kB)
    Total RW  Size (RW Data + ZI Data)              1896 (   1.85kB)
    Total ROM Size (Code + RO Data + RW Data)       5132 (   5.01kB)

==============================================================================

